###############################################################################
#
# IAR ELF Linker V7.20.1.7305/W32 for ARM                 25/Feb/2017  02:02:24
# Copyright 2007-2014 IAR Systems AB.
#
#    Output file  =  
#        D:\001.EIE\资料\固件\Razor_Atmel\Razor_Atmel\firmware_mpgl1\iar_7_20_1\Debug\Exe\mpgl1.out
#    Map file     =  
#        D:\001.EIE\资料\固件\Razor_Atmel\Razor_Atmel\firmware_mpgl1\iar_7_20_1\Debug\List\mpgl1.map
#    Command line =  
#        D:\001.EIE\资料\固件\Razor_Atmel\Razor_Atmel\firmware_mpgl1\iar_7_20_1\Debug\Obj\ant.o
#        D:\001.EIE\资料\固件\Razor_Atmel\Razor_Atmel\firmware_mpgl1\iar_7_20_1\Debug\Obj\ant_api.o
#        D:\001.EIE\资料\固件\Razor_Atmel\Razor_Atmel\firmware_mpgl1\iar_7_20_1\Debug\Obj\board_cstartup_iar.o
#        D:\001.EIE\资料\固件\Razor_Atmel\Razor_Atmel\firmware_mpgl1\iar_7_20_1\Debug\Obj\buttons.o
#        D:\001.EIE\资料\固件\Razor_Atmel\Razor_Atmel\firmware_mpgl1\iar_7_20_1\Debug\Obj\core_cm3.o
#        D:\001.EIE\资料\固件\Razor_Atmel\Razor_Atmel\firmware_mpgl1\iar_7_20_1\Debug\Obj\debug.o
#        D:\001.EIE\资料\固件\Razor_Atmel\Razor_Atmel\firmware_mpgl1\iar_7_20_1\Debug\Obj\exceptions.o
#        D:\001.EIE\资料\固件\Razor_Atmel\Razor_Atmel\firmware_mpgl1\iar_7_20_1\Debug\Obj\interrupts.o
#        D:\001.EIE\资料\固件\Razor_Atmel\Razor_Atmel\firmware_mpgl1\iar_7_20_1\Debug\Obj\lcd_nhd-c0220biz.o
#        D:\001.EIE\资料\固件\Razor_Atmel\Razor_Atmel\firmware_mpgl1\iar_7_20_1\Debug\Obj\leds.o
#        D:\001.EIE\资料\固件\Razor_Atmel\Razor_Atmel\firmware_mpgl1\iar_7_20_1\Debug\Obj\main.o
#        D:\001.EIE\资料\固件\Razor_Atmel\Razor_Atmel\firmware_mpgl1\iar_7_20_1\Debug\Obj\messaging.o
#        D:\001.EIE\资料\固件\Razor_Atmel\Razor_Atmel\firmware_mpgl1\iar_7_20_1\Debug\Obj\mpgl1-ehdw-03.o
#        D:\001.EIE\资料\固件\Razor_Atmel\Razor_Atmel\firmware_mpgl1\iar_7_20_1\Debug\Obj\sam3u_i2c.o
#        D:\001.EIE\资料\固件\Razor_Atmel\Razor_Atmel\firmware_mpgl1\iar_7_20_1\Debug\Obj\sam3u_ssp.o
#        D:\001.EIE\资料\固件\Razor_Atmel\Razor_Atmel\firmware_mpgl1\iar_7_20_1\Debug\Obj\sam3u_uart.o
#        D:\001.EIE\资料\固件\Razor_Atmel\Razor_Atmel\firmware_mpgl1\iar_7_20_1\Debug\Obj\sdcard.o
#        D:\001.EIE\资料\固件\Razor_Atmel\Razor_Atmel\firmware_mpgl1\iar_7_20_1\Debug\Obj\user_app.o
#        D:\001.EIE\资料\固件\Razor_Atmel\Razor_Atmel\firmware_mpgl1\iar_7_20_1\Debug\Obj\utilities.o
#        --redirect _Printf=_PrintfTiny --redirect _Scanf=_ScanfSmallNoMb -o
#        D:\001.EIE\资料\固件\Razor_Atmel\Razor_Atmel\firmware_mpgl1\iar_7_20_1\Debug\Exe\mpgl1.out
#        --map
#        D:\001.EIE\资料\固件\Razor_Atmel\Razor_Atmel\firmware_mpgl1\iar_7_20_1\Debug\List\mpgl1.map
#        --log initialization,modules,sections --log_file
#        D:\001.EIE\资料\固件\Razor_Atmel\Razor_Atmel\firmware_mpgl1\iar_7_20_1\Debug\List\mpgl1.log
#        --config
#        D:\001.EIE\资料\固件\Razor_Atmel\Razor_Atmel\firmware_mpgl1\iar_7_20_1\..\..\firmware_mpg_common\sam3u2-flash.icf
#        --semihosting --entry __iar_program_start --vfe
#
###############################################################################

*******************************************************************************
*** MESSAGES
***

Error[Li005]: no definition for "EfashionAppInitialize" [referenced from D:\001
          .EIE\资料\固件\Razor_Atmel\Razor_Atmel\firmware_mpgl1\iar_7_20_1\Debu
          g\Obj\main.o]


*******************************************************************************
*** RUNTIME MODEL ATTRIBUTES
***

CppFlavor       = *
__Heap_Handler  = Basic
__SystemLibrary = DLib


*******************************************************************************
*** PLACEMENT SUMMARY
***

"A1":  place at 0x00080000 { ro section .intvec };
"P1":  place in [from 0x00080000 to 0x0009ffff] { ro };
"P2":  place in [from 0x20000000 to 0x20003fff] { rw, block HEAP };
"P3":  place in [from 0x20080000 to 0x20083fff] { block CSTACK };

  Section            Kind        Address    Size  Object
  -------            ----        -------    ----  ------
"A1":                                       0xbc
  .intvec                     0x00080000    0xbc  <Block>
    .intvec          const    0x00080000    0xbc  board_cstartup_iar.o [1]
                            - 0x000800bc    0xbc

"P1":                                     0x322c
  .text              ro code  0x000800bc   0x6bc  sam3u_ssp.o [1]
  .text              ro code  0x00080778    0x66  ABImemset.o [4]
  .text              ro code  0x000807de    0x3e  exceptions.o [1]
  .text              ro code  0x0008081c   0x658  debug.o [1]
  .text              ro code  0x00080e74   0x284  messaging.o [1]
  .text              ro code  0x000810f8   0x528  sam3u_uart.o [1]
  .text              ro code  0x00081620    0xb0  xxmemxmalloc.o [3]
  .text              ro code  0x000816d0    0x80  xxmemxfree.o [3]
  .text              ro code  0x00081750    0x76  ABImemcpy_unaligned.o [4]
  .text              ro code  0x000817c6    0x2e  copy_init3.o [4]
  .text              ro code  0x000817f4   0x37c  leds.o [1]
  .text              ro code  0x00081b70    0x2c  xgetmemchunk.o [3]
  .text              ro code  0x00081b9c   0x31c  mpgl1-ehdw-03.o [1]
  .text              ro code  0x00081eb8     0x6  utilities.o [1]
  .text              ro code  0x00081ebe    0x22  zero_init3.o [4]
  .text              ro code  0x00081ee0   0x600  sam3u_i2c.o [1]
  .text              ro code  0x000824e0   0x2e4  user_app.o [1]
  .text              ro code  0x000827c4   0x28c  buttons.o [1]
  .text              ro code  0x00082a50   0x1c4  interrupts.o [1]
  .text              ro code  0x00082c14    0xac  main.o [1]
  .rodata            const    0x00082cc0    0x48  debug.o [1]
  .rodata            const    0x00082d08    0x3c  debug.o [1]
  .text              ro code  0x00082d44    0x28  data_init.o [4]
  .rodata            const    0x00082d6c    0x24  debug.o [1]
  .rodata            const    0x00082d90    0x24  debug.o [1]
  .rodata            const    0x00082db4    0x24  debug.o [1]
  .rodata            const    0x00082dd8    0x24  debug.o [1]
  .rodata            const    0x00082dfc    0x24  debug.o [1]
  .rodata            const    0x00082e20    0x24  debug.o [1]
  .rodata            const    0x00082e44    0x24  debug.o [1]
  .rodata            const    0x00082e68    0x24  debug.o [1]
  .rodata            const    0x00082e8c    0x24  debug.o [1]
  .rodata            const    0x00082eb0    0x24  user_app.o [1]
  .iar.init_table    const    0x00082ed4    0x24  - Linker created -
  .rodata            const    0x00082ef8    0x20  interrupts.o [1]
  .rodata            const    0x00082f18    0x20  sam3u_uart.o [1]
  .rodata            const    0x00082f38    0x1c  debug.o [1]
  .text              ro code  0x00082f54    0x1a  cmain.o [4]
  .rodata            const    0x00082f6e     0x2  debug.o [1]
  .text              ro code  0x00082f70    0x14  board_cstartup_iar.o [1]
  .text              ro code  0x00082f84     0x4  exit.o [3]
  .text              ro code  0x00082f88     0xa  cexit.o [4]
  .text              ro code  0x00082f94    0x14  exit.o [5]
  .rodata            const    0x00082fa8    0x18  debug.o [1]
  .rodata            const    0x00082fc0    0x18  debug.o [1]
  .rodata            const    0x00082fd8    0x10  buttons.o [1]
  .rodata            const    0x00082fe8    0x10  debug.o [1]
  .rodata            const    0x00082ff8    0x10  debug.o [1]
  .rodata            const    0x00083008     0xc  debug.o [1]
  .rodata            const    0x00083014     0xc  debug.o [1]
  .text              ro code  0x00083020     0xc  cstartup_M.o [4]
  .rodata            const    0x0008302c     0x8  debug.o [1]
  .rodata            const    0x00083034     0x0  zero_init3.o [4]
  .rodata            const    0x00083034     0x0  copy_init3.o [4]
  Initializer bytes  ro data  0x00083034   0x2b4  <for P2 s0> (used: 0x0)
                            - 0x000832e8  0x322c

"P2":                                     0x3328
  P2 s0                       0x20000000   0x2b4  <Init block>
    .data            inited   0x20000000    0x80  user_app.o [1]
    .data            inited   0x20000080    0x70  leds.o [1]
    .data            inited   0x200000f0    0x60  debug.o [1]
    .data            inited   0x20000150    0x44  debug.o [1]
    .data            inited   0x20000194    0x2c  leds.o [1]
    .data            inited   0x200001c0    0x20  debug.o [1]
    .data            inited   0x200001e0    0x20  user_app.o [1]
    .data            inited   0x20000200    0x18  debug.o [1]
    .data            inited   0x20000218    0x18  leds.o [1]
    .data            inited   0x20000230    0x18  sam3u_ssp.o [1]
    .data            inited   0x20000248    0x18  sam3u_ssp.o [1]
    .data            inited   0x20000260    0x14  buttons.o [1]
    .data            inited   0x20000274    0x14  debug.o [1]
    .data            inited   0x20000288     0x8  buttons.o [1]
    .data            inited   0x20000290     0x8  debug.o [1]
    .data            inited   0x20000298     0x8  utilities.o [1]
    .data            inited   0x200002a0     0x8  utilities.o [1]
    .data            inited   0x200002a8     0x4  debug.o [1]
    .data            inited   0x200002ac     0x4  messaging.o [1]
    .data            inited   0x200002b0     0x2  interrupts.o [1]
    .data            inited   0x200002b2     0x1  debug.o [1]
  .bss               zero     0x200002b4   0x900  messaging.o [1]
  .bss               zero     0x20000bb4   0x300  messaging.o [1]
  .bss               zero     0x20000eb4   0x100  sam3u_i2c.o [1]
  .bss               zero     0x20000fb4    0x80  debug.o [1]
  .bss               zero     0x20001034    0x80  sam3u_ssp.o [1]
  .bss               zero     0x200010b4    0x40  debug.o [1]
  .bss               zero     0x200010f4    0x34  sam3u_ssp.o [1]
  .bss               zero     0x20001128    0x34  sam3u_ssp.o [1]
  .bss               zero     0x2000115c    0x34  sam3u_ssp.o [1]
  .bss               zero     0x20001190    0x24  sam3u_uart.o [1]
  .bss               zero     0x200011b4    0x24  sam3u_uart.o [1]
  .bss               zero     0x200011d8    0x24  sam3u_uart.o [1]
  .bss               zero     0x200011fc    0x24  sam3u_uart.o [1]
  .bss               zero     0x20001220    0x10  buttons.o [1]
  .bss               zero     0x20001230    0x10  buttons.o [1]
  .bss               zero     0x20001240    0x10  sam3u_i2c.o [1]
  .bss               zero     0x20001250     0x8  xxmemxmalloc.o [3]
  .bss               zero     0x20001258     0x4  buttons.o [1]
  .bss               zero     0x2000125c     0x4  buttons.o [1]
  .bss               zero     0x20001260     0x4  buttons.o [1]
  .bss               zero     0x20001264     0x4  buttons.o [1]
  .bss               zero     0x20001268     0x4  buttons.o [1]
  .bss               zero     0x2000126c     0x4  debug.o [1]
  .bss               zero     0x20001270     0x4  debug.o [1]
  .bss               zero     0x20001274     0x4  debug.o [1]
  .bss               zero     0x20001278     0x4  debug.o [1]
  .bss               zero     0x2000127c     0x4  debug.o [1]
  .bss               zero     0x20001280     0x4  debug.o [1]
  .bss               zero     0x20001284     0x4  debug.o [1]
  .bss               zero     0x20001288     0x4  main.o [1]
  .bss               zero     0x2000128c     0x4  main.o [1]
  .bss               zero     0x20001290     0x4  messaging.o [1]
  .bss               zero     0x20001294     0x4  messaging.o [1]
  .bss               zero     0x20001298     0x4  messaging.o [1]
  .bss               zero     0x2000129c     0x4  messaging.o [1]
  .bss               zero     0x200012a0     0x4  mpgl1-ehdw-03.o [1]
  .bss               zero     0x200012a4     0x4  mpgl1-ehdw-03.o [1]
  .bss               zero     0x200012a8     0x4  sam3u_i2c.o [1]
  .bss               zero     0x200012ac     0x4  sam3u_i2c.o [1]
  .bss               zero     0x200012b0     0x4  sam3u_i2c.o [1]
  .bss               zero     0x200012b4     0x4  sam3u_i2c.o [1]
  .bss               zero     0x200012b8     0x4  sam3u_i2c.o [1]
  .bss               zero     0x200012bc     0x4  sam3u_i2c.o [1]
  .bss               zero     0x200012c0     0x4  sam3u_ssp.o [1]
  .bss               zero     0x200012c4     0x4  sam3u_ssp.o [1]
  .bss               zero     0x200012c8     0x4  sam3u_ssp.o [1]
  .bss               zero     0x200012cc     0x4  sam3u_ssp.o [1]
  .bss               zero     0x200012d0     0x4  sam3u_ssp.o [1]
  .bss               zero     0x200012d4     0x4  sam3u_ssp.o [1]
  .bss               zero     0x200012d8     0x4  sam3u_ssp.o [1]
  .bss               zero     0x200012dc     0x4  sam3u_ssp.o [1]
  .bss               zero     0x200012e0     0x4  sam3u_ssp.o [1]
  .bss               zero     0x200012e4     0x4  sam3u_ssp.o [1]
  .bss               zero     0x200012e8     0x4  sam3u_uart.o [1]
  .bss               zero     0x200012ec     0x4  sam3u_uart.o [1]
  .bss               zero     0x200012f0     0x4  sam3u_uart.o [1]
  .bss               zero     0x200012f4     0x4  sam3u_uart.o [1]
  .bss               zero     0x200012f8     0x4  sam3u_uart.o [1]
  .bss               zero     0x200012fc     0x4  sam3u_uart.o [1]
  .bss               zero     0x20001300     0x4  sam3u_uart.o [1]
  .bss               zero     0x20001304     0x4  sam3u_uart.o [1]
  .bss               zero     0x20001308     0x4  sam3u_uart.o [1]
  .bss               zero     0x2000130c     0x4  user_app.o [1]
  .bss               zero     0x20001310     0x4  xgetmemchunk.o [3]
  .bss               zero     0x20001314     0x2  debug.o [1]
  .bss               zero     0x20001316     0x2  user_app.o [1]
  .bss               zero     0x20001318     0x1  debug.o [1]
  .bss               zero     0x20001319     0x1  debug.o [1]
  .bss               zero     0x2000131a     0x1  messaging.o [1]
  .bss               zero     0x2000131b     0x1  sam3u_i2c.o [1]
  .bss               zero     0x2000131c     0x1  sam3u_i2c.o [1]
  .bss               zero     0x2000131d     0x1  sam3u_i2c.o [1]
  .bss               zero     0x2000131e     0x1  sam3u_uart.o [1]
  .bss               zero     0x2000131f     0x1  user_app.o [1]
  .bss               zero     0x20001320     0x1  user_app.o [1]
  .bss               zero     0x20001321     0x1  user_app.o [1]
  .bss               zero     0x20001322     0x1  user_app.o [1]
  .bss               zero     0x20001323     0x1  user_app.o [1]
  .bss               zero     0x20001324     0x1  user_app.o [1]
  .bss               zero     0x20001325     0x1  user_app.o [1]
  .bss               zero     0x20001326     0x1  user_app.o [1]
  HEAP                        0x20001328  0x2000  <Block>
    HEAP             uninit   0x20001328  0x2000  <Block tail>
                            - 0x20003328  0x3328

"P3":                                     0x2000
  CSTACK                      0x20080000  0x2000  <Block>
    CSTACK           uninit   0x20080000  0x2000  <Block tail>
                            - 0x20082000  0x2000


*******************************************************************************
*** INIT TABLE
***

          Address     Size
          -------     ----
Zero (__iar_zero_init3)
    1 destination range, total size 0x1073:
          0x200002b4  0x1073

Copy (__iar_copy_init3)
    1 source range, total size 0x2b4 (100% of destination):
          0x00083034   0x2b4
    1 destination range, total size 0x2b3:
          0x20000000   0x2b3



*******************************************************************************
*** MODULE SUMMARY
***

    Module                 ro code  ro data  rw data
    ------                 -------  -------  -------
D:\001.EIE\资料\固件\Razor_Atmel\Razor_Atmel\firmware_mpgl1\iar_7_20_1\Debug\Obj: [1]
    board_cstartup_iar.o        20      188
    buttons.o                  652       44       80
    debug.o                  1 624      851      477
    exceptions.o                62
    interrupts.o               452       34        2
    leds.o                     892      180      180
    main.o                     172                 8
    messaging.o                644        4    3 093
    mpgl1-ehdw-03.o            796                 8
    sam3u_i2c.o              1 536               299
    sam3u_ssp.o              1 724       48      372
    sam3u_uart.o             1 320       32      181
    user_app.o                 740      196      174
    utilities.o                  6       16       16
    ------------------------------------------------
    Total:                  10 640    1 593    4 890

command line: [2]
    ------------------------------------------------
    Total:

dl7M_tln.a: [3]
    exit.o                       4
    xgetmemchunk.o              44                 4
    xxmemxfree.o               128
    xxmemxmalloc.o             176                 8
    ------------------------------------------------
    Total:                     352                12

rt7M_tl.a: [4]
    ABImemcpy_unaligned.o      118
    ABImemset.o                102
    cexit.o                     10
    cmain.o                     26
    copy_init3.o                46
    cstartup_M.o                12
    data_init.o                 40
    zero_init3.o                34
    ------------------------------------------------
    Total:                     388

shb_l.a: [5]
    exit.o                      20
    ------------------------------------------------
    Total:                      20

    Gaps                         2
    Linker created                       37   16 384
----------------------------------------------------
    Grand Total:            11 402    1 630   21 286


*******************************************************************************
*** ENTRY LIST
***

Entry                      Address   Size  Type      Object
-----                      -------   ----  ----      ------
.intvec$$Base           0x00080000          --   Gb  - Linker created -
.intvec$$Limit          0x000800bc          --   Gb  - Linker created -
?main                   0x00082f55         Code  Gb  cmain.o [4]
ADCC0_IrqHandler        0x00080815    0x2  Code  Wk  exceptions.o [1]
ADCC1_IrqHandler        0x00080817    0x2  Code  Wk  exceptions.o [1]
AddNewMessageStatus     0x0008107d   0x34  Code  Lc  messaging.o [1]
BusFault_Handler        0x000807e5    0x2  Code  Wk  exceptions.o [1]
ButtonInitialize        0x000827ff   0xb0  Code  Gb  buttons.o [1]
ButtonRunActiveState    0x000828af    0xa  Code  Gb  buttons.o [1]
ButtonSM_ButtonActive   0x00082901   0xfc  Code  Lc  buttons.o [1]
ButtonSM_Idle           0x000828e1   0x20  Code  Lc  buttons.o [1]
Button_abNewPress       0x20001268    0x4  Data  Lc  buttons.o [1]
Button_aeCurrentState   0x20001260    0x4  Data  Lc  buttons.o [1]
Button_aeNewState       0x20001264    0x4  Data  Lc  buttons.o [1]
Button_au32ButtonPins   0x00082fd8   0x10  Data  Lc  buttons.o [1]
Button_au32HoldTimeStart
                        0x20001230   0x10  Data  Lc  buttons.o [1]
Button_pfnStateMachine  0x2000125c    0x4  Data  Lc  buttons.o [1]
Buttons_asArray         0x20000288    0x8  Data  Lc  buttons.o [1]
CSTACK$$Base            0x20080000          --   Gb  - Linker created -
CSTACK$$Limit           0x20082000          --   Gb  - Linker created -
ClockSetup              0x00081b9d    0x2  Code  Gb  mpgl1-ehdw-03.o [1]
DBGU_IrqHandler         0x000813ad   0x1e  Code  Gb  sam3u_uart.o [1]
DeQueueMessage          0x00080f8f   0x56  Code  Gb  messaging.o [1]
DebugCommandDummy       0x00080aed   0x1a  Code  Lc  debug.o [1]
DebugCommandLedTestToggle
                        0x00080b07   0x4c  Code  Lc  debug.o [1]
DebugCommandPrepareList
                        0x00080a55   0x98  Code  Lc  debug.o [1]
DebugCommandSysTimeToggle
                        0x00080bb9   0x46  Code  Lc  debug.o [1]
DebugInitialize         0x00080981   0x9e  Code  Gb  debug.o [1]
DebugLedTestCharacter   0x00080b53   0x66  Code  Lc  debug.o [1]
DebugLineFeed           0x00080841   0x1c  Code  Gb  debug.o [1]
DebugMon_Handler        0x000807eb    0x2  Code  Wk  exceptions.o [1]
DebugPrintNumber        0x0008085d   0xb0  Code  Gb  debug.o [1]
DebugPrintf             0x0008081d   0x24  Code  Gb  debug.o [1]
DebugRunActiveState     0x00080a1f    0xc  Code  Gb  debug.o [1]
DebugRxCallback         0x00080a2d   0x28  Code  Gb  debug.o [1]
DebugSM_CheckCmd        0x00080ce9   0xb2  Code  Lc  debug.o [1]
DebugSM_Error           0x00080db5   0x34  Code  Lc  debug.o [1]
DebugSM_Idle            0x00080c01   0xe8  Code  Lc  debug.o [1]
DebugSM_ProcessCmd      0x00080d9d   0x18  Code  Lc  debug.o [1]
Debug_Uart              0x20001274    0x4  Data  Lc  debug.o [1]
Debug_au8CommandBuffer  0x200010b4   0x40  Data  Lc  debug.o [1]
Debug_au8Commands       0x200000f0   0x60  Data  Gb  debug.o [1]
Debug_au8RxBuffer       0x20000fb4   0x80  Data  Lc  debug.o [1]
Debug_au8StartupMsg     0x20000150   0x44  Data  Lc  debug.o [1]
Debug_bLedTestActive    0x200002b2    0x1  Data  Lc  debug.o [1]
Debug_pfnStateMachine   0x20001270    0x4  Data  Lc  debug.o [1]
Debug_pu8CmdBufferNextChar
                        0x20001284    0x4  Data  Lc  debug.o [1]
Debug_pu8RxBufferNextChar
                        0x2000127c    0x4  Data  Lc  debug.o [1]
Debug_pu8RxBufferParser
                        0x20001280    0x4  Data  Lc  debug.o [1]
Debug_u16CommandSize    0x20001314    0x2  Data  Lc  debug.o [1]
Debug_u32CurrentMessageToken
                        0x20001278    0x4  Data  Lc  debug.o [1]
Debug_u8Command         0x20001319    0x1  Data  Lc  debug.o [1]
Debug_u8ErrorCode       0x20001318    0x1  Data  Lc  debug.o [1]
EFC0_IrqHandler         0x000807fb    0x2  Code  Wk  exceptions.o [1]
EFC1_IrqHandler         0x000807fd    0x2  Code  Wk  exceptions.o [1]
G_abButtonDebounceActive
                        0x20001258    0x4  Data  Gb  buttons.o [1]
G_au32ButtonDebounceTimeStart
                        0x20001220   0x10  Data  Gb  buttons.o [1]
G_au8MessageOFF         0x200002a0    0x8  Data  Gb  utilities.o [1]
G_au8MessageON          0x20000298    0x8  Data  Gb  utilities.o [1]
G_u32ApplicationFlags   0x2000128c    0x4  Data  Gb  main.o [1]
G_u32DebugFlags         0x2000126c    0x4  Data  Gb  debug.o [1]
G_u32MessagingFlags     0x20001290    0x4  Data  Gb  messaging.o [1]
G_u32Ssp1ApplicationFlags
                        0x200012c0    0x4  Data  Gb  sam3u_ssp.o [1]
G_u32Ssp2ApplicationFlags
                        0x200012c4    0x4  Data  Gb  sam3u_ssp.o [1]
G_u32SystemFlags        0x20001288    0x4  Data  Gb  main.o [1]
G_u32SystemTime1ms      0x200012a0    0x4  Data  Gb  mpgl1-ehdw-03.o [1]
G_u32SystemTime1s       0x200012a4    0x4  Data  Gb  mpgl1-ehdw-03.o [1]
G_u32Uart0ApplicationFlags
                        0x200012ec    0x4  Data  Gb  sam3u_uart.o [1]
G_u32UartApplicationFlags
                        0x200012e8    0x4  Data  Gb  sam3u_uart.o [1]
GetButtonBitLocation    0x000828b9   0x26  Code  Gb  buttons.o [1]
GpioSetup               0x00081bdf   0xea  Code  Gb  mpgl1-ehdw-03.o [1]
HDMA_IrqHandler         0x00080819    0x2  Code  Wk  exceptions.o [1]
HEAP$$Base              0x20001328          --   Gb  - Linker created -
HEAP$$Limit             0x20003328          --   Gb  - Linker created -
HSMC4_IrqHandler        0x000807ff    0x2  Code  Wk  exceptions.o [1]
HardFault_Handler       0x00082ac3   0x34  Code  Gb  interrupts.o [1]
InterruptSetup          0x00082a79   0x4a  Code  Gb  interrupts.o [1]
IrqHandlerNotUsed       0x000807df    0x2  Code  Gb  exceptions.o [1]
IsButtonPressed         0x000827ed   0x12  Code  Gb  buttons.o [1]
IsTimeUp                0x00081eb9    0x6  Code  Gb  utilities.o [1]
LedAllOff               0x000824e1   0x34  Code  Gb  user_app.o [1]
LedInitialize           0x00081909   0xe4  Code  Gb  leds.o [1]
LedOff                  0x00081855   0x58  Code  Gb  leds.o [1]
LedOn                   0x000817f5   0x60  Code  Gb  leds.o [1]
LedPWM                  0x000818cf   0x3a  Code  Gb  leds.o [1]
LedToggle               0x000818ad   0x22  Code  Gb  leds.o [1]
LedUpdate               0x000819ed  0x162  Code  Gb  leds.o [1]
Led_au32BitPositions    0x20000194   0x2c  Data  Lc  leds.o [1]
Leds_asLedArray         0x20000080   0x70  Data  Lc  leds.o [1]
MCI0_IrqHandler         0x00080805    0x2  Code  Wk  exceptions.o [1]
MemManage_Handler       0x000807e3    0x2  Code  Wk  exceptions.o [1]
MessagingIdle           0x000810b1   0x1c  Code  Gb  messaging.o [1]
MessagingInitialize     0x00080fe5   0x72  Code  Gb  messaging.o [1]
MessagingRunActiveState
                        0x00081057    0xa  Code  Gb  messaging.o [1]
Messaging_pfnStateMachine
                        0x20001294    0x4  Data  Lc  messaging.o [1]
Msg_Pool                0x200002b4  0x900  Data  Lc  messaging.o [1]
Msg_StatusQueue         0x20000bb4  0x300  Data  Lc  messaging.o [1]
Msg_pNextStatus         0x2000129c    0x4  Data  Lc  messaging.o [1]
Msg_u32Token            0x20001298    0x4  Data  Lc  messaging.o [1]
Msg_u8QueuedMessageCount
                        0x2000131a    0x1  Data  Lc  messaging.o [1]
NMI_Handler             0x000807e1    0x2  Code  Wk  exceptions.o [1]
NVIC_ClearPendingIRQ    0x000827d9   0x14  Code  Lc  buttons.o [1]
NVIC_ClearPendingIRQ    0x00082a65   0x14  Code  Lc  interrupts.o [1]
NVIC_ClearPendingIRQ    0x00081ef7   0x16  Code  Lc  sam3u_i2c.o [1]
NVIC_ClearPendingIRQ    0x0008110f   0x16  Code  Lc  sam3u_uart.o [1]
NVIC_DisableIRQ         0x00082a51   0x14  Code  Lc  interrupts.o [1]
NVIC_EnableIRQ          0x000827c5   0x14  Code  Lc  buttons.o [1]
NVIC_EnableIRQ          0x00081ee1   0x16  Code  Lc  sam3u_i2c.o [1]
NVIC_EnableIRQ          0x000810f9   0x16  Code  Lc  sam3u_uart.o [1]
PIOA_IrqHandler         0x00082b33   0x54  Code  Gb  interrupts.o [1]
PIOB_IrqHandler         0x00082b87   0x56  Code  Gb  interrupts.o [1]
PIOC_IrqHandler         0x00080801    0x2  Code  Wk  exceptions.o [1]
PMC_IrqHandler          0x000807f9    0x2  Code  Wk  exceptions.o [1]
PWMAudioOff             0x00081d81    0x6  Code  Gb  mpgl1-ehdw-03.o [1]
PWMAudioOn              0x00081d7b    0x6  Code  Gb  mpgl1-ehdw-03.o [1]
PWMAudioSetFrequency    0x00081d25   0x56  Code  Gb  mpgl1-ehdw-03.o [1]
PWMSetupAudio           0x00081cc9   0x5c  Code  Gb  mpgl1-ehdw-03.o [1]
PWM_IrqHandler          0x00080813    0x2  Code  Wk  exceptions.o [1]
PendSV_Handler          0x000807ed    0x2  Code  Wk  exceptions.o [1]
QueryMessageStatus      0x00080e75   0x38  Code  Gb  messaging.o [1]
QueueMessage            0x00080ead   0xe2  Code  Gb  messaging.o [1]
RSTC_IrqHandler         0x000807f1    0x2  Code  Wk  exceptions.o [1]
RTC_IrqHandler          0x000807f3    0x2  Code  Wk  exceptions.o [1]
RTT_IrqHandler          0x000807f5    0x2  Code  Wk  exceptions.o [1]
Region$$Table$$Base     0x00082ed4          --   Gb  - Linker created -
Region$$Table$$Limit    0x00082ef8          --   Gb  - Linker created -
SPI0_IrqHandler         0x00080809    0x2  Code  Wk  exceptions.o [1]
SSC0_IrqHandler         0x0008080b    0x2  Code  Wk  exceptions.o [1]
SSP_Peripheral0         0x200010f4   0x34  Data  Lc  sam3u_ssp.o [1]
SSP_Peripheral1         0x20001128   0x34  Data  Lc  sam3u_ssp.o [1]
SSP_Peripheral2         0x2000115c   0x34  Data  Lc  sam3u_ssp.o [1]
SSP_au8Dummies          0x20001034   0x80  Data  Lc  sam3u_ssp.o [1]
SSP_psCurrentISR        0x200012d4    0x4  Data  Lc  sam3u_ssp.o [1]
SSP_psCurrentSsp        0x200012d0    0x4  Data  Lc  sam3u_ssp.o [1]
SSP_pu32SspApplicationFlagsISR
                        0x200012d8    0x4  Data  Lc  sam3u_ssp.o [1]
SSP_u32AntCounter       0x200012e4    0x4  Data  Lc  sam3u_ssp.o [1]
SSP_u32Flags            0x200012cc    0x4  Data  Lc  sam3u_ssp.o [1]
SSP_u32Int1Count        0x200012dc    0x4  Data  Lc  sam3u_ssp.o [1]
SSP_u32Int2Count        0x200012e0    0x4  Data  Lc  sam3u_ssp.o [1]
SUPC_IrqHandler         0x000807ef    0x2  Code  Wk  exceptions.o [1]
SVC_Handler             0x000807e9    0x2  Code  Wk  exceptions.o [1]
SspGenericHandler       0x0008021b  0x34e  Code  Gb  sam3u_ssp.o [1]
SspInitialize           0x000800bd   0xfe  Code  Gb  sam3u_ssp.o [1]
SspRunActiveState       0x000801bb    0xc  Code  Gb  sam3u_ssp.o [1]
SspSM_Idle              0x0008056d  0x1c0  Code  Gb  sam3u_ssp.o [1]
Ssp_pfnStateMachine     0x200012c8    0x4  Data  Lc  sam3u_ssp.o [1]
SysTickSetup            0x00081b9f   0x22  Code  Gb  mpgl1-ehdw-03.o [1]
SysTick_Handler         0x00082af7   0x3c  Code  Gb  interrupts.o [1]
SystemSleep             0x00081bc1   0x10  Code  Gb  mpgl1-ehdw-03.o [1]
SystemStatusReport      0x0008090d   0x74  Code  Gb  debug.o [1]
TC0_IrqHandler          0x0008080d    0x2  Code  Wk  exceptions.o [1]
TC1_IrqHandler          0x0008080f    0x2  Code  Wk  exceptions.o [1]
TC2_IrqHandler          0x00080811    0x2  Code  Wk  exceptions.o [1]
TWI0                    0x200012b4    0x4  Data  Lc  sam3u_i2c.o [1]
TWI0FillTxBuffer        0x0008201b   0x96  Code  Lc  sam3u_i2c.o [1]
TWI0_IrqHandler         0x000820b1   0xb8  Code  Gb  sam3u_i2c.o [1]
TWI1_IrqHandler         0x00080807    0x2  Code  Wk  exceptions.o [1]
TWIInitialize           0x00081f0d  0x102  Code  Gb  sam3u_i2c.o [1]
TWIRunActiveState       0x0008200f    0xc  Code  Gb  sam3u_i2c.o [1]
TWISM_Error             0x000823fd   0x94  Code  Gb  sam3u_i2c.o [1]
TWISM_Idle              0x0008216d  0x142  Code  Gb  sam3u_i2c.o [1]
TWISM_Receiving         0x00082385   0x78  Code  Gb  sam3u_i2c.o [1]
TWISM_Transmitting      0x000822b1   0xd2  Code  Gb  sam3u_i2c.o [1]
TWI_MessageBuffer       0x20000eb4  0x100  Data  Lc  sam3u_i2c.o [1]
TWI_MessageBufferCurIndex
                        0x2000131c    0x1  Data  Lc  sam3u_i2c.o [1]
TWI_MessageBufferNextIndex
                        0x2000131b    0x1  Data  Lc  sam3u_i2c.o [1]
TWI_MessageQueueLength  0x2000131d    0x1  Data  Lc  sam3u_i2c.o [1]
TWI_Peripheral0         0x20001240   0x10  Data  Lc  sam3u_i2c.o [1]
TWI_StateMachine        0x200012a8    0x4  Data  Lc  sam3u_i2c.o [1]
TWI_pu8CurrentTxData    0x200012bc    0x4  Data  Lc  sam3u_i2c.o [1]
TWI_u32CurrentBytesRemaining
                        0x200012b8    0x4  Data  Lc  sam3u_i2c.o [1]
TWI_u32Flags            0x200012b0    0x4  Data  Lc  sam3u_i2c.o [1]
TWI_u32Timer            0x200012ac    0x4  Data  Lc  sam3u_i2c.o [1]
UART_Peripheral         0x20001190   0x24  Data  Lc  sam3u_uart.o [1]
UART_Peripheral0        0x200011b4   0x24  Data  Lc  sam3u_uart.o [1]
UART_Peripheral1        0x200011d8   0x24  Data  Lc  sam3u_uart.o [1]
UART_Peripheral2        0x200011fc   0x24  Data  Lc  sam3u_uart.o [1]
UART_psCurrentISR       0x200012fc    0x4  Data  Lc  sam3u_uart.o [1]
UART_psCurrentUart      0x200012f8    0x4  Data  Lc  sam3u_uart.o [1]
UART_pu32ApplicationFlagsISR
                        0x20001300    0x4  Data  Lc  sam3u_uart.o [1]
UART_u32Flags           0x200012f4    0x4  Data  Lc  sam3u_uart.o [1]
UART_u32Int0Count       0x20001308    0x4  Data  Lc  sam3u_uart.o [1]
UART_u32IntCount        0x20001304    0x4  Data  Lc  sam3u_uart.o [1]
UART_u8ActiveUarts      0x2000131e    0x1  Data  Lc  sam3u_uart.o [1]
UDPD_IrqHandler         0x0008081b    0x2  Code  Wk  exceptions.o [1]
USART0_IrqHandler       0x000813cb   0x1e  Code  Gb  sam3u_uart.o [1]
USART1_IrqHandler       0x000801c7   0x2a  Code  Gb  sam3u_ssp.o [1]
USART2_IrqHandler       0x000801f1   0x2a  Code  Gb  sam3u_ssp.o [1]
USART3_IrqHandler       0x00080803    0x2  Code  Wk  exceptions.o [1]
UartGenericHandler      0x000813e9   0xf4  Code  Gb  sam3u_uart.o [1]
UartInitialize          0x000812b9   0xe8  Code  Gb  sam3u_uart.o [1]
UartManualMode          0x000813ab    0x2  Code  Lc  sam3u_uart.o [1]
UartRequest             0x00081125  0x138  Code  Gb  sam3u_uart.o [1]
UartRunActiveState      0x000813a1    0xa  Code  Gb  sam3u_uart.o [1]
UartSM_Idle             0x000814e1   0xd8  Code  Gb  sam3u_uart.o [1]
UartWriteByte           0x0008125d   0x30  Code  Gb  sam3u_uart.o [1]
UartWriteData           0x0008128d   0x2c  Code  Gb  sam3u_uart.o [1]
Uart_pfnStateMachine    0x200012f0    0x4  Data  Lc  sam3u_uart.o [1]
UpdateMessageStatus     0x00081061   0x1c  Code  Gb  messaging.o [1]
UsageFault_Handler      0x000807e7    0x2  Code  Wk  exceptions.o [1]
UserAppInitialize       0x00082515    0xa  Code  Gb  user_app.o [1]
UserAppRunActiveState   0x0008251f    0xa  Code  Gb  user_app.o [1]
UserAppSM_ConfigEfashion
                        0x000825d5    0x2  Code  Lc  user_app.o [1]
UserAppSM_DoDemoMode    0x00082653   0x82  Code  Lc  user_app.o [1]
UserAppSM_DoUserMode    0x000825d7   0x7c  Code  Lc  user_app.o [1]
UserAppSM_GetMode       0x000826d5   0xba  Code  Lc  user_app.o [1]
UserAppSM_Idle          0x00082529   0xac  Code  Lc  user_app.o [1]
UserApp_LedContrlType   0x200001e0   0x20  Data  Lc  user_app.o [1]
UserApp_LedOnOffTimeType
                        0x20000000   0x80  Data  Lc  user_app.o [1]
UserApp_StateMachine    0x2000130c    0x4  Data  Lc  user_app.o [1]
WDT_IrqHandler          0x000807f7    0x2  Code  Wk  exceptions.o [1]
WatchDogSetup           0x00081bd1    0xe  Code  Gb  mpgl1-ehdw-03.o [1]
__ICFEDIT_intvec_start__ {Abs}
                        0x00080000          --   Gb  command line/config [2]
__aeabi_memset          0x00080779         Code  Gb  ABImemset.o [4]
__as_entries_start      0xffffffff          --   Gb  command line/config [2]
__as_table_start        0xffffffff          --   Gb  command line/config [2]
__cmain                 0x00082f55         Code  Gb  cmain.o [4]
__data_Aldata           0x20001250    0x8  Data  Gb  xxmemxmalloc.o [3]
__data_GetMemChunk      0x00081b71   0x2c  Code  Gb  xgetmemchunk.o [3]
__exit                  0x00082f95   0x14  Code  Gb  exit.o [5]
__iar_Memset            0x00080779         Code  Gb  ABImemset.o [4]
__iar_Memset_word       0x00080781         Code  Gb  ABImemset.o [4]
__iar_copy_init3        0x000817c7   0x2e  Code  Gb  copy_init3.o [4]
__iar_data_init3        0x00082d45   0x28  Code  Gb  data_init.o [4]
__iar_program_start     0x00083021         Code  Gb  cstartup_M.o [4]
__iar_unaligned___aeabi_memcpy
                        0x00081751         Code  Gb  ABImemcpy_unaligned.o [4]
__iar_unaligned___aeabi_memcpy4
                        0x00081771         Code  Gb  ABImemcpy_unaligned.o [4]
__iar_unaligned___aeabi_memcpy8
                        0x00081771         Code  Gb  ABImemcpy_unaligned.o [4]
__iar_zero_init3        0x00081ebf   0x22  Code  Gb  zero_init3.o [4]
__low_level_init        0x00082f71   0x14  Code  Gb  board_cstartup_iar.o [1]
__vector_table          0x00080000   0xbc  Data  Gb  board_cstartup_iar.o [1]
_call_main              0x00082f61         Code  Gb  cmain.o [4]
_exit                   0x00082f89         Code  Gb  cexit.o [4]
_main                   0x00082f6b         Code  Gb  cmain.o [4]
exit                    0x00082f85    0x4  Code  Gb  exit.o [3]
free                    0x000816d1   0x7a  Code  Gb  xxmemxfree.o [3]
main                    0x00082c15   0xac  Code  Gb  main.o [1]
malloc                  0x00081621   0xac  Code  Gb  xxmemxmalloc.o [3]
u16Pwm                  0x20001316    0x2  Data  Lc  user_app.o [1]
u8Configed              0x20001320    0x1  Data  Lc  user_app.o [1]
u8Counter               0x2000131f    0x1  Data  Lc  user_app.o [1]


[1] = D:\001.EIE\资料\固件\Razor_Atmel\Razor_Atmel\firmware_mpgl1\iar_7_20_1\Debug\Obj
[2] = command line
[3] = dl7M_tln.a
[4] = rt7M_tl.a
[5] = shb_l.a

  11 402 bytes of readonly  code memory
   1 630 bytes of readonly  data memory
  21 286 bytes of readwrite data memory

Errors: 1
Warnings: none
